123.45.67.89 - - [07/Dec/2023:23:56:43 +0000] "HEAD / HTTP/1.1" 404 1024 "http://mysite.com/about" "Mozilla/5.0 (Windows NT 10.0; Win64; x64)"
98.76.54.32 - - [08/Dec/2023:14:15:43 +0000] "HEAD / HTTP/1.1" 401 2048 "https://news.com/article" "Mozilla/5.0 (Windows NT 10.0; Win64; x64)"
10.0.0.2 - - [08/Dec/2023:10:24:43 +0000] "GET /images/logo.png HTTP/1.1" 404 1024 "https://google.com/search" "Mozilla/5.0 (Macintosh; Intel Mac OS X 10_15_7)"
123.45.67.89 - - [07/Dec/2023:20:24:43 +0000] "POST /login.php HTTP/1.1" 302 512 "http://mysite.com/about" "Mozilla/5.0 (Windows NT 10.0; Win64; x64)"
98.76.54.32 - - [08/Dec/2023:09:48:43 +0000] "GET /images/logo.png HTTP/1.1" 500 512 "-" "Mozilla/5.0 (Linux; Android 9; Pixel 3)"
123.45.67.89 - - [07/Dec/2023:23:24:43 +0000] "HEAD / HTTP/1.1" 401 0 "https://google.com/search" "Mozilla/5.0 (compatible; Googlebot/2.1; +http://www.google.com/bot.html)"
172.16.0.3 - - [08/Dec/2023:00:38:43 +0000] "POST /login.php HTTP/1.1" 302 512 "https://google.com/search" "Mozilla/5.0 (compatible; Googlebot/2.1; +http://www.google.com/bot.html)"
10.0.0.2 - - [08/Dec/2023:12:40:43 +0000] "GET /css/style.css HTTP/1.1" 302 0 "https://google.com/search" "Mozilla/5.0 (Windows NT 10.0; Win64; x64)"
123.45.67.89 - - [07/Dec/2023:15:22:43 +0000] "GET /css/style.css HTTP/1.1" 404 0 "https://news.com/article" "Mozilla/5.0 (Linux; Android 9; Pixel 3)"
123.45.67.89 - - [08/Dec/2023:00:52:43 +0000] "GET /index.html HTTP/1.1" 200 2048 "http://mysite.com/about" "Mozilla/5.0 (Macintosh; Intel Mac OS X 10_15_7)"
123.45.67.89 - - [07/Dec/2023:20:18:43 +0000] "GET /index.html HTTP/1.1" 200 0 "https://news.com/article" "Mozilla/5.0 (iPhone; CPU iPhone OS 13_6 like Mac OS X)"
10.0.0.2 - - [08/Dec/2023:08:45:43 +0000] "HEAD / HTTP/1.1" 401 512 "http://example.com" "Mozilla/5.0 (Linux; Android 9; Pixel 3)"
10.0.0.2 - - [08/Dec/2023:06:04:43 +0000] "GET /index.html HTTP/1.1" 401 1024 "https://google.com/search" "Mozilla/5.0 (Windows NT 10.0; Win64; x64)"
98.76.54.32 - - [07/Dec/2023:18:18:43 +0000] "HEAD / HTTP/1.1" 302 512 "http://mysite.com/about" "Mozilla/5.0 (compatible; Googlebot/2.1; +http://www.google.com/bot.html)"
123.45.67.89 - - [07/Dec/2023:21:10:43 +0000] "HEAD / HTTP/1.1" 500 512 "https://news.com/article" "Mozilla/5.0 (Macintosh; Intel Mac OS X 10_15_7)"
172.16.0.3 - - [07/Dec/2023:16:21:43 +0000] "GET /index.html HTTP/1.1" 500 2048 "https://news.com/article" "Mozilla/5.0 (compatible; Googlebot/2.1; +http://www.google.com/bot.html)"
10.0.0.2 - - [07/Dec/2023:23:51:43 +0000] "GET /images/logo.png HTTP/1.1" 401 512 "https://news.com/article" "Mozilla/5.0 (iPhone; CPU iPhone OS 13_6 like Mac OS X)"
98.76.54.32 - - [08/Dec/2023:00:03:43 +0000] "GET /images/logo.png HTTP/1.1" 200 256 "https://google.com/search" "Mozilla/5.0 (Linux; Android 9; Pixel 3)"
172.16.0.3 - - [07/Dec/2023:18:47:43 +0000] "GET /images/logo.png HTTP/1.1" 200 0 "http://example.com" "Mozilla/5.0 (Windows NT 10.0; Win64; x64)"
172.16.0.3 - - [08/Dec/2023:08:14:43 +0000] "GET /css/style.css HTTP/1.1" 401 0 "http://example.com" "Mozilla/5.0 (compatible; Googlebot/2.1; +http://www.google.com/bot.html)"
98.76.54.32 - - [07/Dec/2023:18:13:43 +0000] "GET /images/logo.png HTTP/1.1" 500 2048 "-" "Mozilla/5.0 (Linux; Android 9; Pixel 3)"
10.0.0.2 - - [07/Dec/2023:19:49:43 +0000] "GET /css/style.css HTTP/1.1" 500 512 "http://mysite.com/about" "Mozilla/5.0 (iPhone; CPU iPhone OS 13_6 like Mac OS X)"
123.45.67.89 - - [08/Dec/2023:02:58:43 +0000] "HEAD / HTTP/1.1" 404 2048 "http://example.com" "Mozilla/5.0 (iPhone; CPU iPhone OS 13_6 like Mac OS X)"
192.168.1.1 - - [08/Dec/2023:02:49:43 +0000] "GET /images/logo.png HTTP/1.1" 200 512 "https://news.com/article" "Mozilla/5.0 (iPhone; CPU iPhone OS 13_6 like Mac OS X)"
192.168.1.1 - - [08/Dec/2023:13:17:43 +0000] "GET /images/logo.png HTTP/1.1" 500 2048 "-" "Mozilla/5.0 (Windows NT 10.0; Win64; x64)"
123.45.67.89 - - [07/Dec/2023:20:46:43 +0000] "GET /images/logo.png HTTP/1.1" 401 1024 "https://news.com/article" "Mozilla/5.0 (Windows NT 10.0; Win64; x64)"
172.16.0.3 - - [07/Dec/2023:22:04:43 +0000] "GET /index.html HTTP/1.1" 401 2048 "-" "Mozilla/5.0 (iPhone; CPU iPhone OS 13_6 like Mac OS X)"
172.16.0.3 - - [07/Dec/2023:19:09:43 +0000] "GET /images/logo.png HTTP/1.1" 500 1024 "http://mysite.com/about" "Mozilla/5.0 (Macintosh; Intel Mac OS X 10_15_7)"
172.16.0.3 - - [08/Dec/2023:02:22:43 +0000] "GET /index.html HTTP/1.1" 500 0 "-" "Mozilla/5.0 (Macintosh; Intel Mac OS X 10_15_7)"
10.0.0.2 - - [08/Dec/2023:02:19:43 +0000] "HEAD / HTTP/1.1" 401 512 "https://news.com/article" "Mozilla/5.0 (Windows NT 10.0; Win64; x64)"
172.16.0.3 - - [07/Dec/2023:18:51:43 +0000] "GET /css/style.css HTTP/1.1" 200 0 "https://news.com/article" "Mozilla/5.0 (compatible; Googlebot/2.1; +http://www.google.com/bot.html)"
172.16.0.3 - - [08/Dec/2023:12:00:43 +0000] "GET /index.html HTTP/1.1" 302 256 "-" "Mozilla/5.0 (compatible; Googlebot/2.1; +http://www.google.com/bot.html)"
123.45.67.89 - - [07/Dec/2023:17:16:43 +0000] "POST /login.php HTTP/1.1" 404 1024 "-" "Mozilla/5.0 (iPhone; CPU iPhone OS 13_6 like Mac OS X)"
172.16.0.3 - - [08/Dec/2023:03:58:43 +0000] "POST /login.php HTTP/1.1" 302 1024 "https://news.com/article" "Mozilla/5.0 (Linux; Android 9; Pixel 3)"
10.0.0.2 - - [08/Dec/2023:10:39:43 +0000] "GET /index.html HTTP/1.1" 200 1024 "http://example.com" "Mozilla/5.0 (Macintosh; Intel Mac OS X 10_15_7)"
172.16.0.3 - - [08/Dec/2023:01:40:43 +0000] "GET /css/style.css HTTP/1.1" 500 2048 "https://news.com/article" "Mozilla/5.0 (Windows NT 10.0; Win64; x64)"
192.168.1.1 - - [07/Dec/2023:19:51:43 +0000] "POST /login.php HTTP/1.1" 302 1024 "https://news.com/article" "Mozilla/5.0 (Windows NT 10.0; Win64; x64)"
192.168.1.1 - - [08/Dec/2023:07:16:43 +0000] "POST /login.php HTTP/1.1" 401 256 "http://example.com" "Mozilla/5.0 (compatible; Googlebot/2.1; +http://www.google.com/bot.html)"
192.168.1.1 - - [08/Dec/2023:12:01:43 +0000] "GET /images/logo.png HTTP/1.1" 302 256 "http://mysite.com/about" "Mozilla/5.0 (Windows NT 10.0; Win64; x64)"
172.16.0.3 - - [08/Dec/2023:00:12:43 +0000] "HEAD / HTTP/1.1" 500 2048 "http://example.com" "Mozilla/5.0 (compatible; Googlebot/2.1; +http://www.google.com/bot.html)"
10.0.0.2 - - [08/Dec/2023:12:02:43 +0000] "HEAD / HTTP/1.1" 200 2048 "-" "Mozilla/5.0 (Macintosh; Intel Mac OS X 10_15_7)"
192.168.1.1 - - [08/Dec/2023:06:01:43 +0000] "GET /css/style.css HTTP/1.1" 401 1024 "https://google.com/search" "Mozilla/5.0 (Linux; Android 9; Pixel 3)"
192.168.1.1 - - [07/Dec/2023:18:13:43 +0000] "POST /login.php HTTP/1.1" 500 2048 "http://example.com" "Mozilla/5.0 (compatible; Googlebot/2.1; +http://www.google.com/bot.html)"
172.16.0.3 - - [07/Dec/2023:19:59:43 +0000] "GET /images/logo.png HTTP/1.1" 500 256 "https://google.com/search" "Mozilla/5.0 (Linux; Android 9; Pixel 3)"
192.168.1.1 - - [08/Dec/2023:01:35:43 +0000] "GET /index.html HTTP/1.1" 200 512 "https://news.com/article" "Mozilla/5.0 (iPhone; CPU iPhone OS 13_6 like Mac OS X)"
10.0.0.2 - - [08/Dec/2023:09:18:43 +0000] "GET /css/style.css HTTP/1.1" 404 0 "-" "Mozilla/5.0 (Linux; Android 9; Pixel 3)"
172.16.0.3 - - [08/Dec/2023:11:07:43 +0000] "GET /index.html HTTP/1.1" 302 512 "https://news.com/article" "Mozilla/5.0 (Linux; Android 9; Pixel 3)"
172.16.0.3 - - [07/Dec/2023:18:55:43 +0000] "GET /css/style.css HTTP/1.1" 302 256 "http://example.com" "Mozilla/5.0 (Windows NT 10.0; Win64; x64)"
123.45.67.89 - - [08/Dec/2023:08:13:43 +0000] "HEAD / HTTP/1.1" 401 2048 "http://example.com" "Mozilla/5.0 (Linux; Android 9; Pixel 3)"
123.45.67.89 - - [07/Dec/2023:21:46:43 +0000] "GET /index.html HTTP/1.1" 401 1024 "https://google.com/search" "Mozilla/5.0 (Windows NT 10.0; Win64; x64)"